#!python
cubit.cmd('set node constraint on')
cubit.cmd('import mesh geometry "/home/clr56/Documents/DukeThesis/Mesh/Disk_ref_inner.e" block all use nodeset sideset feature_angle 135.00 linear merge ')
cubit.cmd('Refine Surface 1 Radius 0.01')
cubit.cmd('Sideset 1 Surface 1 radius 0.01')
cubit.cmd('Sideset 1 Surface 1 Patch Center 0 0 0 Radius 0.01')
cubit.cmd('Sideset 1 Surface 1 Patch Center 0 0 0 Radius 0.1')
cubit.cmd('SideSet 1 Surface 1 Patch Center 0 0 0 Radius 0.01')
cubit.cmd('reset')
cubit.cmd('import mesh geometry "/home/clr56/Documents/DukeThesis/Mesh/Disk_ref_inner.e" block all use nodeset sideset feature_angle 135.00 linear merge ')
cubit.cmd('SideSet 1 Surface 1 Patch Center 0 0 0 Radius 0.01')
cubit.cmd('NodeSet 1 Surface 1 Patch Center 0 0 0 Radius 0.01')
cubit.cmd('NodeSet 1 Surface 1 Center 0 0 0 Radius 0.01')
cubit.cmd('draw Sideset 1')
cubit.cmd('delete Nodeset 1')
cubit.cmd('set large exodus file off')
cubit.cmd('export mesh "/home/clr56/Documents/DukeThesis/Mesh/Disk_ref_inner.e" dimension 2 overwrite')
